// Jest Snapshot v1, https://goo.gl/fbAQLP

exports[`Pruebas en <GifGridItem /> should render component correctly 1`] = `
<div
  className="card animate__animated animate__fadeIn"
>
  <img
    alt="Un titulo"
    src="https://localhost/algo.jpg"
  />
  <p>
     
    Un titulo
     
  </p>
</div>
`;
